// Jest Snapshot v1, https://goo.gl/fbAQLP

exports[`Footer should render correctly 1`] = `
<div>
  <div
    class="footer"
    style="background-color: black;"
  />
</div>
`;
