// Jest Snapshot v1, https://goo.gl/fbAQLP

exports[`Header should render correctly 1`] = `
<div>
  <div
    class="header"
    style="background-color: black;"
  >
    <h1>
      EVENTIFY
    </h1>
  </div>
</div>
`;
