// Jest Snapshot v1, https://goo.gl/fbAQLP

exports[`Event should render correctly 1`] = `
<div>
  <div
    class="event"
    style="background-color: black;"
  >
    <img
      alt="Battle of the Bands"
      class="eventImg"
      src="https://i.ibb.co/3zbdvWX/battle-of-bands.jpg"
    />
    <div
      class="eventInfo"
    >
      <p
        class="eventName"
      >
        Battle of the Bands
      </p>
      <p
        class="description"
      >
        Get ready for Battle of the Bands, where the hottest up-and-coming rock groups will compete for the ultimate prize. With heart-pumping beats and electrifying performances, you won't want to miss this adrenaline-fueled event. Each band will bring their A-game, leaving everything on the stage for the chance to be crowned champion. Don't miss out on the most unforgettable rock competition of the year!
      </p>
      <p
        class="venue"
      >
        VENUE:
        All Stars Arena, Las Vegas, NV, USA
      </p>
      <p>
        DATE:
        2023-03-01T05:00:00.000Z
      </p>
    </div>
    <div
      class="eventStatus"
    >
      <div>
        <div
          class="checkDivSeat"
        >
          <img
            class="check"
            src="circle-xmark-solid.svg"
          />
          <p>
            No Seats Available
          </p>
        </div>
      </div>
      <div>
        <img
          alt="bookmark"
          class="bookmark"
          src="bookmark-regular.svg"
        />
      </div>
    </div>
  </div>
</div>
`;
